// Vitest Snapshot v1, https://vitest.dev/guide/snapshot.html

exports[`sender > initstate component 1`] = `
<DocumentFragment>
  <div
    class="md:(w-[var(--chat-width)]) mx-auto _sender_cdc83e absolute left-2 right-2 bottom-50% transition transition-duration-500 p-xs bg-white dark:(bg-[var(--ant-layout-color-bg-body)] border-white/40) rounded-xl overflow-hidden shadow-lg"
  >
    <div
      class="header transition-height overflow-hidden h-0 false"
    />
    <div
      class="input-wrapper"
    >
      <textarea
        class="w-full h-full scrollbar bg-transparent border-none p-1 outline-none resize-none placeholder-[#b4b4b4] text-size-base dark:(text-[var(--ant-layout-color-text-body)] placeholder-[var(--ant-layout-color-text-body)])"
        data-testid="textarea"
        placeholder="Enter发送消息，Shift+Enter换行"
        rows="2"
      />
    </div>
    <div
      class="footer flex justify-between"
    >
      <div
        class="flex gap-1"
      >
        <span
          aria-describedby="test-id"
          class="ant-badge css-dev-only-do-not-override-1v613y0"
        >
          <button
            class="ant-btn css-dev-only-do-not-override-1v613y0 ant-btn-default ant-btn-color-default ant-btn-variant-outlined ant-btn-icon-only"
            data-testid="toggle-header"
            type="button"
          >
            <span
              class="ant-btn-icon"
            >
              <span
                aria-label="link"
                class="anticon anticon-link"
                role="img"
              >
                <svg
                  aria-hidden="true"
                  data-icon="link"
                  fill="currentColor"
                  focusable="false"
                  height="1em"
                  viewBox="64 64 896 896"
                  width="1em"
                >
                  <path
                    d="M574 665.4a8.03 8.03 0 00-11.3 0L446.5 781.6c-53.8 53.8-144.6 59.5-204 0-59.5-59.5-53.8-150.2 0-204l116.2-116.2c3.1-3.1 3.1-8.2 0-11.3l-39.8-39.8a8.03 8.03 0 00-11.3 0L191.4 526.5c-84.6 84.6-84.6 221.5 0 306s221.5 84.6 306 0l116.2-116.2c3.1-3.1 3.1-8.2 0-11.3L574 665.4zm258.6-474c-84.6-84.6-221.5-84.6-306 0L410.3 307.6a8.03 8.03 0 000 11.3l39.7 39.7c3.1 3.1 8.2 3.1 11.3 0l116.2-116.2c53.8-53.8 144.6-59.5 204 0 59.5 59.5 53.8 150.2 0 204L665.3 562.6a8.03 8.03 0 000 11.3l39.8 39.8c3.1 3.1 8.2 3.1 11.3 0l116.2-116.2c84.5-84.6 84.5-221.5 0-306.1zM610.1 372.3a8.03 8.03 0 00-11.3 0L372.3 598.7a8.03 8.03 0 000 11.3l39.6 39.6c3.1 3.1 8.2 3.1 11.3 0l226.4-226.4c3.1-3.1 3.1-8.2 0-11.3l-39.5-39.6z"
                  />
                </svg>
              </span>
            </span>
          </button>
        </span>
        <div
          aria-describedby="test-id"
        >
          <div
            class="ant-btn antd-css-var w-8 h-8 flex justify-center items-center border-1 border-solid cursor-pointer"
            role="switchButton"
            style="border-radius: 6px; color: var(--ant-button-default-color);"
          >
            <span
              aria-label="global"
              class="anticon anticon-global"
              role="img"
            >
              <svg
                aria-hidden="true"
                data-icon="global"
                fill="currentColor"
                focusable="false"
                height="1em"
                viewBox="64 64 896 896"
                width="1em"
              >
                <path
                  d="M854.4 800.9c.2-.3.5-.6.7-.9C920.6 722.1 960 621.7 960 512s-39.4-210.1-104.8-288c-.2-.3-.5-.5-.7-.8-1.1-1.3-2.1-2.5-3.2-3.7-.4-.5-.8-.9-1.2-1.4l-4.1-4.7-.1-.1c-1.5-1.7-3.1-3.4-4.6-5.1l-.1-.1c-3.2-3.4-6.4-6.8-9.7-10.1l-.1-.1-4.8-4.8-.3-.3c-1.5-1.5-3-2.9-4.5-4.3-.5-.5-1-1-1.6-1.5-1-1-2-1.9-3-2.8-.3-.3-.7-.6-1-1C736.4 109.2 629.5 64 512 64s-224.4 45.2-304.3 119.2c-.3.3-.7.6-1 1-1 .9-2 1.9-3 2.9-.5.5-1 1-1.6 1.5-1.5 1.4-3 2.9-4.5 4.3l-.3.3-4.8 4.8-.1.1c-3.3 3.3-6.5 6.7-9.7 10.1l-.1.1c-1.6 1.7-3.1 3.4-4.6 5.1l-.1.1c-1.4 1.5-2.8 3.1-4.1 4.7-.4.5-.8.9-1.2 1.4-1.1 1.2-2.1 2.5-3.2 3.7-.2.3-.5.5-.7.8C103.4 301.9 64 402.3 64 512s39.4 210.1 104.8 288c.2.3.5.6.7.9l3.1 3.7c.4.5.8.9 1.2 1.4l4.1 4.7c0 .1.1.1.1.2 1.5 1.7 3 3.4 4.6 5l.1.1c3.2 3.4 6.4 6.8 9.6 10.1l.1.1c1.6 1.6 3.1 3.2 4.7 4.7l.3.3c3.3 3.3 6.7 6.5 10.1 9.6 80.1 74 187 119.2 304.5 119.2s224.4-45.2 304.3-119.2a300 300 0 0010-9.6l.3-.3c1.6-1.6 3.2-3.1 4.7-4.7l.1-.1c3.3-3.3 6.5-6.7 9.6-10.1l.1-.1c1.5-1.7 3.1-3.3 4.6-5 0-.1.1-.1.1-.2 1.4-1.5 2.8-3.1 4.1-4.7.4-.5.8-.9 1.2-1.4a99 99 0 003.3-3.7zm4.1-142.6c-13.8 32.6-32 62.8-54.2 90.2a444.07 444.07 0 00-81.5-55.9c11.6-46.9 18.8-98.4 20.7-152.6H887c-3 40.9-12.6 80.6-28.5 118.3zM887 484H743.5c-1.9-54.2-9.1-105.7-20.7-152.6 29.3-15.6 56.6-34.4 81.5-55.9A373.86 373.86 0 01887 484zM658.3 165.5c39.7 16.8 75.8 40 107.6 69.2a394.72 394.72 0 01-59.4 41.8c-15.7-45-35.8-84.1-59.2-115.4 3.7 1.4 7.4 2.9 11 4.4zm-90.6 700.6c-9.2 7.2-18.4 12.7-27.7 16.4V697a389.1 389.1 0 01115.7 26.2c-8.3 24.6-17.9 47.3-29 67.8-17.4 32.4-37.8 58.3-59 75.1zm59-633.1c11 20.6 20.7 43.3 29 67.8A389.1 389.1 0 01540 327V141.6c9.2 3.7 18.5 9.1 27.7 16.4 21.2 16.7 41.6 42.6 59 75zM540 640.9V540h147.5c-1.6 44.2-7.1 87.1-16.3 127.8l-.3 1.2A445.02 445.02 0 00540 640.9zm0-156.9V383.1c45.8-2.8 89.8-12.5 130.9-28.1l.3 1.2c9.2 40.7 14.7 83.5 16.3 127.8H540zm-56 56v100.9c-45.8 2.8-89.8 12.5-130.9 28.1l-.3-1.2c-9.2-40.7-14.7-83.5-16.3-127.8H484zm-147.5-56c1.6-44.2 7.1-87.1 16.3-127.8l.3-1.2c41.1 15.6 85 25.3 130.9 28.1V484H336.5zM484 697v185.4c-9.2-3.7-18.5-9.1-27.7-16.4-21.2-16.7-41.7-42.7-59.1-75.1-11-20.6-20.7-43.3-29-67.8 37.2-14.6 75.9-23.3 115.8-26.1zm0-370a389.1 389.1 0 01-115.7-26.2c8.3-24.6 17.9-47.3 29-67.8 17.4-32.4 37.8-58.4 59.1-75.1 9.2-7.2 18.4-12.7 27.7-16.4V327zM365.7 165.5c3.7-1.5 7.3-3 11-4.4-23.4 31.3-43.5 70.4-59.2 115.4-21-12-40.9-26-59.4-41.8 31.8-29.2 67.9-52.4 107.6-69.2zM165.5 365.7c13.8-32.6 32-62.8 54.2-90.2 24.9 21.5 52.2 40.3 81.5 55.9-11.6 46.9-18.8 98.4-20.7 152.6H137c3-40.9 12.6-80.6 28.5-118.3zM137 540h143.5c1.9 54.2 9.1 105.7 20.7 152.6a444.07 444.07 0 00-81.5 55.9A373.86 373.86 0 01137 540zm228.7 318.5c-39.7-16.8-75.8-40-107.6-69.2 18.5-15.8 38.4-29.7 59.4-41.8 15.7 45 35.8 84.1 59.2 115.4-3.7-1.4-7.4-2.9-11-4.4zm292.6 0c-3.7 1.5-7.3 3-11 4.4 23.4-31.3 43.5-70.4 59.2-115.4 21 12 40.9 26 59.4 41.8a373.81 373.81 0 01-107.6 69.2z"
                />
              </svg>
            </span>
          </div>
        </div>
      </div>
      <div>
        <button
          class="ant-btn css-dev-only-do-not-override-1v613y0 ant-btn-circle ant-btn-primary ant-btn-color-primary ant-btn-variant-solid ant-btn-icon-only"
          data-testid="sendBtn"
          disabled=""
          type="button"
        >
          <span
            class="ant-btn-icon"
          >
            <span
              aria-label="arrow-up"
              class="anticon anticon-arrow-up"
              role="img"
            >
              <svg
                aria-hidden="true"
                data-icon="arrow-up"
                fill="currentColor"
                focusable="false"
                height="1em"
                viewBox="64 64 896 896"
                width="1em"
              >
                <path
                  d="M868 545.5L536.1 163a31.96 31.96 0 00-48.3 0L156 545.5a7.97 7.97 0 006 13.2h81c4.6 0 9-2 12.1-5.5L474 300.9V864c0 4.4 3.6 8 8 8h60c4.4 0 8-3.6 8-8V300.9l218.9 252.3c3 3.5 7.4 5.5 12.1 5.5h81c6.8 0 10.5-8 6-13.2z"
                />
              </svg>
            </span>
          </span>
        </button>
      </div>
    </div>
  </div>
</DocumentFragment>
`;
